Loading CORS origins: ['http://localhost', 'http://127.0.0.1', 'https://www.cc-jm.com', 'http://localhost:5173', 'http://localhost:3000', 'http://127.0.0.1:5173', 'http://www.cc-jm.com', 'http://127.0.0.1:80', 'http://localhost:8000', 'http://localhost:80', 'http://cc-jm.com', 'https://cc-jm.com']
============================= test session starts =============================
platform win32 -- Python 3.13.5, pytest-7.4.4, pluggy-1.6.0
rootdir: C:\Users\task2\git\ch25
configfile: pytest.ini
plugins: anyio-4.9.0, asyncio-0.23.3, cov-4.1.0
asyncio: mode=Mode.STRICT
collected 2 items

tests\test_dice_event_integration.py Startup: CORS origins loaded: ['http://localhost', 'http://127.0.0.1', 'https://www.cc-jm.com', 'http://localhost:5173', 'http://localhost:3000', 'http://127.0.0.1:5173', 'http://www.cc-jm.com', 'http://127.0.0.1:80', 'http://localhost:8000', 'http://localhost:80', 'http://cc-jm.com', 'https://cc-jm.com']
DEBUG: is_event_active post-cap=True
DEBUG_VAULT_EARN: 7777
FStartup: CORS origins loaded: ['http://localhost', 'http://127.0.0.1', 'https://www.cc-jm.com', 'http://localhost:5173', 'http://localhost:3000', 'http://127.0.0.1:5173', 'http://www.cc-jm.com', 'http://127.0.0.1:80', 'http://localhost:8000', 'http://localhost:80', 'http://cc-jm.com', 'https://cc-jm.com']
DEBUG_TEST_CFG: {'enable_game_earn_events': True, 'game_earn_config': {'DICE': {'WIN': 7777, 'DRAW': -100, 'LOSE': -200}}, 'probability': {'DICE': {'p_win': 1.0, 'p_draw': 0.0, 'p_lose': 0.0}}, 'caps': {'DICE': {'daily_gain': 50000, 'daily_plays': 1}}, 'eligibility': {'tags': {'blocklist': ['Blacklist']}}}
DEBUG: is_event_active post-cap=True
DEBUG: CAP REACHED - DISABLING EVENT
DEBUG: is_event_active post-cap=False
DEBUG: xp_from_game_reward=True, reward_type=POINT, reason=dice_play
DEBUG: Delivering Season XP: 5 (Reward: 5, Bonus: 0)
DEBUG_GAME2: {'user_dice': [4, 3], 'dealer_dice': [6, 1], 'user_sum': 7, 'dealer_sum': 7, 'outcome': 'DRAW', 'reward_type': 'POINT', 'reward_amount': 5}
.

================================== FAILURES ===================================
________________________ test_dice_play_event_mode_win ________________________

client = <starlette.testclient.TestClient object at 0x00000268785F9550>
session_factory = sessionmaker(class_='Session', autocommit=False, bind=Engine(sqlite+pysqlite:///:memory:), autoflush=False, expire_on_commit=False)

    @pytest.mark.usefixtures("seed_dice_event")
    def test_dice_play_event_mode_win(client: TestClient, session_factory):
        """Verify that event mode overrides standard config."""
        # Action
        response = client.post("/api/dice/play")
        assert response.status_code == 200
        data = response.json()
    
        print(f"DEBUG_VAULT_EARN: {data.get('vault_earn')}")
    
        # Assertions
        game = data["game"]
        # 1. Outcome should be WIN (1.0 probability)
        assert game["outcome"] == "WIN"
        # 2. Reward Amount should be 7777 (Event Config), not 10 (DiceConfig)
        assert game["reward_amount"] == 7777
    
        # 3. Verify Vault Accrual
        assert data["vault_earn"] == 7777
    
        # 4. Verify DB Logs
        session = session_factory()
        # DiceLog should show 7777
        log = session.execute(select(DiceLog).where(DiceLog.user_id==1)).scalar_one()
        assert log.reward_amount == 7777
    
        # VaultEarnEvent should show mode="EVENT" in payout_raw (if implemented)
>       earn = session.execute(select(VaultEarnEvent).where(VaultEarnEvent.game_log_id==log.id)).scalar_one()
E       AttributeError: type object 'VaultEarnEvent' has no attribute 'game_log_id'

tests\test_dice_event_integration.py:94: AttributeError
============================== warnings summary ===============================
app\schemas\admin_roulette.py:40
  C:\Users\task2\git\ch25\app\schemas\admin_roulette.py:40: PydanticDeprecatedSince20: Pydantic V1 style `@validator` validators are deprecated. You should migrate to Pydantic V2 style `@field_validator` validators, see the migration guide for more details. Deprecated in Pydantic V2.0 to be removed in V3.0. See Pydantic V2 Migration Guide at https://errors.pydantic.dev/2.11/migration/
    @validator("ticket_type")

app\schemas\admin_roulette.py:60
  C:\Users\task2\git\ch25\app\schemas\admin_roulette.py:60: PydanticDeprecatedSince20: Pydantic V1 style `@validator` validators are deprecated. You should migrate to Pydantic V2 style `@field_validator` validators, see the migration guide for more details. Deprecated in Pydantic V2.0 to be removed in V3.0. See Pydantic V2 Migration Guide at https://errors.pydantic.dev/2.11/migration/
    @validator("ticket_type")

app\schemas\admin_season.py:18
  C:\Users\task2\git\ch25\app\schemas\admin_season.py:18: PydanticDeprecatedSince20: Pydantic V1 style `@validator` validators are deprecated. You should migrate to Pydantic V2 style `@field_validator` validators, see the migration guide for more details. Deprecated in Pydantic V2.0 to be removed in V3.0. See Pydantic V2 Migration Guide at https://errors.pydantic.dev/2.11/migration/
    @validator("end_date")

..\..\AppData\Roaming\Python\Python313\site-packages\pydantic\_internal\_config.py:323
..\..\AppData\Roaming\Python\Python313\site-packages\pydantic\_internal\_config.py:323
..\..\AppData\Roaming\Python\Python313\site-packages\pydantic\_internal\_config.py:323
..\..\AppData\Roaming\Python\Python313\site-packages\pydantic\_internal\_config.py:323
..\..\AppData\Roaming\Python\Python313\site-packages\pydantic\_internal\_config.py:323
..\..\AppData\Roaming\Python\Python313\site-packages\pydantic\_internal\_config.py:323
..\..\AppData\Roaming\Python\Python313\site-packages\pydantic\_internal\_config.py:323
..\..\AppData\Roaming\Python\Python313\site-packages\pydantic\_internal\_config.py:323
..\..\AppData\Roaming\Python\Python313\site-packages\pydantic\_internal\_config.py:323
  C:\Users\task2\AppData\Roaming\Python\Python313\site-packages\pydantic\_internal\_config.py:323: PydanticDeprecatedSince20: Support for class-based `config` is deprecated, use ConfigDict instead. Deprecated in Pydantic V2.0 to be removed in V3.0. See Pydantic V2 Migration Guide at https://errors.pydantic.dev/2.11/migration/
    warnings.warn(DEPRECATION_MESSAGE, DeprecationWarning)

app\main.py:78
  C:\Users\task2\git\ch25\app\main.py:78: DeprecationWarning: 
          on_event is deprecated, use lifespan event handlers instead.
  
          Read more about it in the
          [FastAPI docs for Lifespan Events](https://fastapi.tiangolo.com/advanced/events/).
          
    @app.on_event("startup")

..\..\AppData\Roaming\Python\Python313\site-packages\fastapi\applications.py:4495
  C:\Users\task2\AppData\Roaming\Python\Python313\site-packages\fastapi\applications.py:4495: DeprecationWarning: 
          on_event is deprecated, use lifespan event handlers instead.
  
          Read more about it in the
          [FastAPI docs for Lifespan Events](https://fastapi.tiangolo.com/advanced/events/).
          
    return self.router.on_event(event_type)

tests/test_dice_event_integration.py::test_dice_play_event_mode_win
tests/test_dice_event_integration.py::test_dice_caps_daily_plays
  C:\Users\task2\AppData\Roaming\Python\Python313\site-packages\httpx\_client.py:680: DeprecationWarning: The 'app' shortcut is now deprecated. Use the explicit style 'transport=WSGITransport(app=...)' instead.
    warnings.warn(message, DeprecationWarning)

tests/test_dice_event_integration.py: 60 warnings
  C:\Users\task2\AppData\Roaming\Python\Python313\site-packages\sqlalchemy\sql\schema.py:3616: DeprecationWarning: datetime.datetime.utcnow() is deprecated and scheduled for removal in a future version. Use timezone-aware objects to represent datetimes in UTC: datetime.datetime.now(datetime.UTC).
    return util.wrap_callable(lambda ctx: fn(), fn)  # type: ignore

tests/test_dice_event_integration.py::test_dice_play_event_mode_win
tests/test_dice_event_integration.py::test_dice_caps_daily_plays
tests/test_dice_event_integration.py::test_dice_caps_daily_plays
  C:\Users\task2\git\ch25\app\services\vault_service.py:431: DeprecationWarning: datetime.datetime.utcnow() is deprecated and scheduled for removal in a future version. Use timezone-aware objects to represent datetimes in UTC: datetime.datetime.now(datetime.UTC).
    now_dt = now or datetime.utcnow()

tests/test_dice_event_integration.py::test_dice_caps_daily_plays
  C:\Users\task2\git\ch25\tests\test_dice_event_integration.py:122: DeprecationWarning: datetime.datetime.utcnow() is deprecated and scheduled for removal in a future version. Use timezone-aware objects to represent datetimes in UTC: datetime.datetime.now(datetime.UTC).
    mock_date.today.return_value = datetime.utcnow().date()

-- Docs: https://docs.pytest.org/en/stable/how-to/capture-warnings.html
=========================== short test summary info ===========================
FAILED tests/test_dice_event_integration.py::test_dice_play_event_mode_win - ...
================== 1 failed, 1 passed, 80 warnings in 0.38s ===================
